// Jest Snapshot v1, https://goo.gl/fbAQLP

exports[`toUrl Happy-Path 1`] = `"http://localhost/foo?bar&buzz=yes"`;
